exports[`link should diff the snapshot 1`] = `"<a href=\"www.google.com\">google</a>"`;
